 KRNL32

 Timestamp is 5c257306 (Thu Dec 27 16:49:10 2018)

 Preferred load address is c0000000

 Start         Length     Name                   Class
 0001:00000000 0000106fH .text$mn                CODE
 0002:00000000 000004c4H .rdata                  DATA
 0003:00000000 00000018H .data                   DATA
 0003:00000018 0000087eH .bss                    DATA
 0004:00000000 00000058H .rsrc$01                DATA
 0004:00000060 000002f8H .rsrc$02                DATA

  Address         Publics by Value              Rva+Base       Lib:Object

 0000:00000000       ___guard_fids_table        00000000     <absolute>
 0000:00000000       ___guard_flags             00000000     <absolute>
 0000:00000000       ___safe_se_handler_count   00000000     <absolute>
 0000:00000000       ___guard_fids_count        00000000     <absolute>
 0000:00000000       ___safe_se_handler_table   00000000     <absolute>
 0001:00000000       ?DebugPutc@@YAXE@Z         c0000400 f   DebugDisplay.obj
 0001:00000090       ?DebugGotoXY@@YAXEE@Z      c0000490 f   DebugDisplay.obj
 0001:000000b0       ?DebugClrScreen@@YAXE@Z    c00004b0 f   DebugDisplay.obj
 0001:000000f0       ?DebugSetColor@@YAXG@Z     c00004f0 f   DebugDisplay.obj
 0001:00000100       ?DebugPuts@@YAXPAD@Z       c0000500 f   DebugDisplay.obj
 0001:000001b0       ?DebugPrintf@@YAHPBDZZ     c00005b0 f   DebugDisplay.obj
 0001:000003a0       ?itoa@@YAXIIPAD@Z          c00007a0 f   DebugDisplay.obj
 0001:00000400       ?itoa_s@@YAXHIPAD@Z        c0000800 f   DebugDisplay.obj
 0001:00000430       ?kernel_entry@@YAHPAUmultiboot_info@@@Z c0000830 f   entry.obj
 0001:00000460       ?divide_by_zero_fault@@YAXIII@Z c0000860 f   exception.obj
 0001:00000480       ?single_step_trap@@YAXIII@Z c0000880 f   exception.obj
 0001:000004a0       ?nmi_trap@@YAXIII@Z        c00008a0 f   exception.obj
 0001:000004c0       ?breakpoint_trap@@YAXIII@Z c00008c0 f   exception.obj
 0001:000004e0       ?overflow_trap@@YAXIII@Z   c00008e0 f   exception.obj
 0001:00000500       ?bounds_check_fault@@YAXIII@Z c0000900 f   exception.obj
 0001:00000520       ?invalid_opcode_fault@@YAXIII@Z c0000920 f   exception.obj
 0001:00000540       ?no_device_fault@@YAXIII@Z c0000940 f   exception.obj
 0001:00000560       ?double_fault_abort@@YAXIIII@Z c0000960 f   exception.obj
 0001:00000580       ?invalid_tss_fault@@YAXIIII@Z c0000980 f   exception.obj
 0001:000005a0       ?no_segment_fault@@YAXIIII@Z c00009a0 f   exception.obj
 0001:000005c0       ?stack_fault@@YAXIIII@Z    c00009c0 f   exception.obj
 0001:000005e0       ?general_protection_fault@@YAXIIII@Z c00009e0 f   exception.obj
 0001:00000600       ?page_fault@@YAXIIII@Z     c0000a00 f   exception.obj
 0001:00000620       ?fpu_fault@@YAXIII@Z       c0000a20 f   exception.obj
 0001:00000640       ?alignment_check_fault@@YAXIIII@Z c0000a40 f   exception.obj
 0001:00000660       ?machine_check_abort@@YAXIII@Z c0000a60 f   exception.obj
 0001:00000680       ?simd_fpu_fault@@YAXIII@Z  c0000a80 f   exception.obj
 0001:000006a0       _main                      c0000aa0 f   main.obj
 0001:00000940       ?kernel_panic@@YAXPBDZZ    c0000d40 f   panic.obj
 0001:00000980       ?pmm_initialize@@YAXII@Z   c0000d80 f   pmm.obj
 0001:000009c0       ?pmm_set_region@@YAXII@Z   c0000dc0 f   pmm.obj
 0001:00000a10       ?pmm_clr_region@@YAXII@Z   c0000e10 f   pmm.obj
 0001:00000a70       ?pmm_alloc_block@@YAPAXXZ  c0000e70 f   pmm.obj
 0001:00000ac0       ?pmm_free_block@@YAXPAI@Z  c0000ec0 f   pmm.obj
 0001:00000af0       ?pmm_alloc_block_s@@YAPAXI@Z c0000ef0 f   pmm.obj
 0001:00000b70       ?pmm_free_block_s@@YAXPAII@Z c0000f70 f   pmm.obj
 0001:00000bc0       ?pmm_get_memory_size@@YAIXZ c0000fc0 f   pmm.obj
 0001:00000bd0       ?pmm_get_max_blocks@@YAIXZ c0000fd0 f   pmm.obj
 0001:00000be0       ?pmm_get_free_block_count@@YAIXZ c0000fe0 f   pmm.obj
 0001:00000bf0       ?pmm_get_used_block_count@@YAIXZ c0000ff0 f   pmm.obj
 0001:00000c00       ?pmm_first_free@@YAHXZ     c0001000 f   pmm.obj
 0001:00000c50       ?pmm_first_free_s@@YAHI@Z  c0001050 f   pmm.obj
 0001:00000cd0       ?get_tick@@YAIXZ           c00010d0 f   HAL:Hal.obj
 0001:00000ce0       ?hal_initialize@@YAXXZ     c00010e0 f   HAL:Hal.obj
 0001:00000d10       ?intdone@@YAXE@Z           c0001110 f   HAL:Hal.obj
 0001:00000d20       ?interrupt_disable@@YAXXZ  c0001120 f   HAL:Hal.obj
 0001:00000d30       ?interrupt_enable@@YAXXZ   c0001130 f   HAL:Hal.obj
 0001:00000d40       ?outportb@@YAXGE@Z         c0001140 f   HAL:Hal.obj
 0001:00000d50       ?setvect@@YAXIA6AXXZ@Z     c0001150 f   HAL:Hal.obj
 0001:00000d70       ?cpu_initialize@@YAXXZ     c0001170 f   HAL:cpu.obj
 0001:00000d80       ?IA32_pic_eoi@@YAXE@Z      c0001180 f   HAL:pic.obj
 0001:00000db0       ?IA32_pic_initialize@@YAXEE@Z c00011b0 f   HAL:pic.obj
 0001:00000e20       ?IA32_pit_get_tick_count@@YAIXZ c0001220 f   HAL:pit.obj
 0001:00000e30       ?IA32_pit_initialize@@YAXXZ c0001230 f   HAL:pit.obj
 0001:00000e40       ?IA32_pit_irq@@YAXXZ       c0001240 f   HAL:pit.obj
 0001:00000e60       ?IA32_pit_set_counter@@YAXEGE@Z c0001260 f   HAL:pit.obj
 0001:00000ef0       ?idt_default_handler@@YAXXZ c00012f0 f   HAL:idt.obj
 0001:00000f20       ?idt_initialize@@YAXG@Z    c0001320 f   HAL:idt.obj
 0001:00000f80       ?idt_install_ir@@YAXIEGP6AXXZ@Z c0001380 f   HAL:idt.obj
 0001:00000fc0       ?gdt_initialize@@YAXXZ     c00013c0 f   HAL:gdt.obj
 0001:00001020       ?memset@@YAPAXPAXDI@Z      c0001420 f   Lib:string.obj
 0001:00001040       ?strcpy@@YAPADPADPBD@Z     c0001440 f   Lib:string.obj
 0001:00001060       ?strlen@@YAIPBD@Z          c0001460 f   Lib:string.obj
 0002:000004a8       ??_C@_0BM@PLBHKJHJ@Exception?5not?5Define?5now?5?3?$CI?$AA@ c0001aa8     HAL:idt.obj
 0003:00000000       ?video_memory@@3PAGA       c0001c00     DebugDisplay.obj
 0003:00000004       ?_color@@3GA               c0001c04     DebugDisplay.obj
 0003:00000008       ?bchars@@3PADA             c0001c08     DebugDisplay.obj
 0003:00000018       ?_curX@@3EA                c0001c18     DebugDisplay.obj
 0003:00000019       ?_curY@@3EA                c0001c19     DebugDisplay.obj
 0003:0000001c       ?tbuf@@3PADA               c0001c1c     DebugDisplay.obj
 0003:0000003c       ?Debugstr@@3PADA           c0001c3c     DebugDisplay.obj

 entry point at        0000:00000000

 Static symbols

 0001:00000368       $LN71                      c0000768     DebugDisplay.obj
 0001:0000037c       $LN64                      c000077c     DebugDisplay.obj
 0002:00000000       $SG2694                    c0001600     exception.obj
 0002:0000000c       $SG2703                    c000160c     exception.obj
 0002:00000018       $SG2712                    c0001618     exception.obj
 0002:00000024       $SG2721                    c0001624     exception.obj
 0002:00000034       $SG2730                    c0001634     exception.obj
 0002:00000044       $SG2739                    c0001644     exception.obj
 0002:00000058       $SG2748                    c0001658     exception.obj
 0002:00000068       $SG2757                    c0001668     exception.obj
 0002:0000007c       $SG2767                    c000167c     exception.obj
 0002:0000008c       $SG2777                    c000168c     exception.obj
 0002:00000098       $SG2787                    c0001698     exception.obj
 0002:000000a8       $SG2797                    c00016a8     exception.obj
 0002:000000b4       $SG2807                    c00016b4     exception.obj
 0002:000000d0       $SG2817                    c00016d0     exception.obj
 0002:000000dc       $SG2826                    c00016dc     exception.obj
 0002:000000e8       $SG2836                    c00016e8     exception.obj
 0002:000000f8       $SG2845                    c00016f8     exception.obj
 0002:00000108       $SG2854                    c0001708     exception.obj
 0002:00000118       $SG2828                    c0001718     main.obj
 0002:0000016c       $SG2829                    c000176c     main.obj
 0002:000001a0       $SG2831                    c00017a0     main.obj
 0002:000001b0       $SG2832                    c00017b0     main.obj
 0002:00000204       $SG2840                    c0001804     main.obj
 0002:00000234       $SG2842                    c0001834     main.obj
 0002:00000248       $SG2843                    c0001848     main.obj
 0002:000002a8       $SG2846                    c00018a8     main.obj
 0002:000002c4       $SG2849                    c00018c4     main.obj
 0002:000002f0       $SG2852                    c00018f0     main.obj
 0002:0000030c       $SG2854                    c000190c     main.obj
 0002:0000034c       $SG2858                    c000194c     main.obj
 0002:00000358       $SG2655                    c0001958     panic.obj
 0002:00000498       $SG2656                    c0001a98     panic.obj
 0003:0000005c       __pmm_memory_size          c0001c5c     pmm.obj
 0003:00000060       __pmm_used_blocks          c0001c60     pmm.obj
 0003:00000064       __pmm_max_blocks           c0001c64     pmm.obj
 0003:00000068       __pmm_memory_map           c0001c68     pmm.obj
 0003:0000006c       __pit_ticks                c0001c6c     HAL:pit.obj
 0003:00000070       __idtr                     c0001c70     HAL:idt.obj
 0003:00000078       __idt                      c0001c78     HAL:idt.obj
 0003:00000878       __gdt                      c0002478     HAL:gdt.obj
 0003:00000890       __gdtr                     c0002490     HAL:gdt.obj
 0004:00000060       $R000000                   c0002660     Kernel.res
