 KRNL32

 Timestamp is 5c8c9b67 (Sat Mar 16 10:14:55 2019)

 Preferred load address is c0000000

 Start         Length     Name                   Class
 0001:00000000 0000274fH .text$mn                CODE
 0002:00000000 00000290H .rdata                  DATA
 0003:00000000 000000c4H .data                   DATA
 0003:000000d0 00002edeH .bss                    DATA
 0004:00000000 00000058H .rsrc$01                DATA
 0004:00000060 000002f8H .rsrc$02                DATA

  Address         Publics by Value              Rva+Base       Lib:Object

 0000:00000000       ___guard_fids_table        00000000     <absolute>
 0000:00000000       ___safe_se_handler_count   00000000     <absolute>
 0000:00000000       ___guard_fids_count        00000000     <absolute>
 0000:00000000       ___safe_se_handler_table   00000000     <absolute>
 0000:00000000       ___guard_flags             00000000     <absolute>
 0001:00000000       ?DebugClrScreen@@YAXE@Z    c0000400 f   DebugDisplay.obj
 0001:00000040       ?DebugGotoXY@@YAXEE@Z      c0000440 f   DebugDisplay.obj
 0001:00000060       ?DebugPrintf@@YAHPBDZZ     c0000460 f   DebugDisplay.obj
 0001:00000250       ?DebugPutc@@YAXE@Z         c0000650 f   DebugDisplay.obj
 0001:000002f0       ?DebugPuts@@YAXPAD@Z       c00006f0 f   DebugDisplay.obj
 0001:00000390       ?DebugSetColor@@YAXG@Z     c0000790 f   DebugDisplay.obj
 0001:000003a0       ?kernel_entry@@YAHPAUmultiboot_info@@@Z c00007a0 f   entry.obj
 0001:000003d0       ?alignment_check_fault@@YAXIIII@Z c00007d0 f   exception.obj
 0001:000003f0       ?bounds_check_fault@@YAXIII@Z c00007f0 f   exception.obj
 0001:00000410       ?breakpoint_trap@@YAXIII@Z c0000810 f   exception.obj
 0001:00000430       ?divide_by_zero_fault@@YAXIII@Z c0000830 f   exception.obj
 0001:00000450       ?double_fault_abort@@YAXIIII@Z c0000850 f   exception.obj
 0001:00000470       ?fpu_fault@@YAXIII@Z       c0000870 f   exception.obj
 0001:00000490       ?general_protection_fault@@YAXIIII@Z c0000890 f   exception.obj
 0001:000004b0       ?invalid_opcode_fault@@YAXIII@Z c00008b0 f   exception.obj
 0001:000004d0       ?invalid_tss_fault@@YAXIIII@Z c00008d0 f   exception.obj
 0001:000004f0       ?machine_check_abort@@YAXIII@Z c00008f0 f   exception.obj
 0001:00000510       ?nmi_trap@@YAXIII@Z        c0000910 f   exception.obj
 0001:00000530       ?no_device_fault@@YAXIII@Z c0000930 f   exception.obj
 0001:00000550       ?no_segment_fault@@YAXIIII@Z c0000950 f   exception.obj
 0001:00000570       ?overflow_trap@@YAXIII@Z   c0000970 f   exception.obj
 0001:00000590       ?page_fault@@YAXIIII@Z     c0000990 f   exception.obj
 0001:000005b0       ?simd_fpu_fault@@YAXIII@Z  c00009b0 f   exception.obj
 0001:000005d0       ?single_step_trap@@YAXIII@Z c00009d0 f   exception.obj
 0001:000005f0       ?stack_fault@@YAXIIII@Z    c00009f0 f   exception.obj
 0001:00000610       ?VbeBochsMapLFB@@YAPAXXZ   c0000a10 f   main.obj
 0001:00000650       ?kernel_initialize@@YAXPAUmultiboot_info@@@Z c0000a50 f   main.obj
 0001:000007e0       ?p1@@YAXXZ                 c0000be0 f   main.obj
 0001:00000840       ?p2@@YAXXZ                 c0000c40 f   main.obj
 0001:000008a0       ?p3@@YAXXZ                 c0000ca0 f   main.obj
 0001:00000900       ?sleep@@YAXH@Z             c0000d00 f   main.obj
 0001:00000930       _main                      c0000d30 f   main.obj
 0001:00000a30       ?kernel_panic@@YAXPBDZZ    c0000e30 f   panic.obj
 0001:00000a80       ?pmm_alloc_block@@YAPAXXZ  c0000e80 f   pmm.obj
 0001:00000ad0       ?pmm_clr_region@@YAXII@Z   c0000ed0 f   pmm.obj
 0001:00000b30       ?pmm_first_free@@YAHXZ     c0000f30 f   pmm.obj
 0001:00000b80       ?pmm_initialize@@YAXII@Z   c0000f80 f   pmm.obj
 0001:00000bc0       ?pmm_set_region@@YAXII@Z   c0000fc0 f   pmm.obj
 0001:00000c10       ?fat12_default_device_init@@YAXXZ c0001010 f   vfs.obj
 0001:00000c70       ?vfs_initialize@@YAXXZ     c0001070 f   vfs.obj
 0001:00000c80       ?vmm_get_cur_dir@@YAPAUpdir@@XZ c0001080 f   vmm.obj
 0001:00000c90       ?vmm_initialize@@YAXXZ     c0001090 f   vmm.obj
 0001:00000d60       ?vmm_mapPhysicalAddress@@YAXPAUpdir@@III@Z c0001160 f   vmm.obj
 0001:00000db0       ?vmmngr_createPageTable@@YAHPAUpdir@@II@Z c00011b0 f   vmm.obj
 0001:00000e30       ?kbrd_initilize@@YAXXZ     c0001230 f   keyboard:kbrd.obj
 0001:00000e40       ?kbrd_irq_handler@@YAXXZ   c0001240 f   keyboard:kbrd.obj
 0001:00000f60       ?flpydsk_set_dma@@YAXH@Z   c0001360 f   flopydisk:flopy.obj
 0001:00000f70       ?flpydsk_install@@YAXH@Z   c0001370 f   flopydisk:flopy.obj
 0001:00000fa0       ?flpydsk_set_working_drive@@YAXE@Z c00013a0 f   flopydisk:flopy.obj
 0001:00000fc0       ?flpydsk_get_working_drive@@YAEXZ c00013c0 f   flopydisk:flopy.obj
 0001:00000fd0       ?flpydsk_read_sector@@YAPAEH@Z c00013d0 f   flopydisk:flopy.obj
 0001:000010d0       ?flpydsk_lba_to_chs@@YAXHPAH00@Z c00014d0 f   flopydisk:flopy.obj
 0001:00001140       ?dma_initialize_floppy@@YA_NPAEI@Z c0001540 f   flopydisk:flopy.obj
 0001:000011d0       ?flpydsk_read_status@@YAEXZ c00015d0 f   flopydisk:flopy.obj
 0001:000011e0       ?flpydsk_write_dor@@YAXE@Z c00015e0 f   flopydisk:flopy.obj
 0001:00001200       ?flpydsk_send_command@@YAXE@Z c0001600 f   flopydisk:flopy.obj
 0001:00001240       ?flpydsk_read_data@@YAEXZ  c0001640 f   flopydisk:flopy.obj
 0001:00001270       ?flpydsk_write_ccr@@YAXE@Z c0001670 f   flopydisk:flopy.obj
 0001:00001290       ?i86_flpy_irq@@YAXXZ       c0001690 f   flopydisk:flopy.obj
 0001:000012b0       ?flpydsk_check_int@@YAXPAI0@Z c00016b0 f   flopydisk:flopy.obj
 0001:00001360       ?flpydsk_control_motor@@YAX_N@Z c0001760 f   flopydisk:flopy.obj
 0001:000013d0       ?flpydsk_drive_data@@YAXEEE_N@Z c00017d0 f   flopydisk:flopy.obj
 0001:00001490       ?flpydsk_calibrate@@YAHE@Z c0001890 f   flopydisk:flopy.obj
 0001:000015e0       ?flpydsk_disable_controller@@YAXXZ c00019e0 f   flopydisk:flopy.obj
 0001:000015f0       ?flpydsk_enable_controller@@YAXXZ c00019f0 f   flopydisk:flopy.obj
 0001:00001600       ?flpydsk_reset@@YAXXZ      c0001a00 f   flopydisk:flopy.obj
 0001:00001680       ?flpydsk_read_sector_imp@@YAXEEE@Z c0001a80 f   flopydisk:flopy.obj
 0001:000018e0       ?flpydsk_seek@@YAHEE@Z     c0001ce0 f   flopydisk:flopy.obj
 0001:00001a00       ?fat12_UnMount@@YAXXZ      c0001e00 f   FileSystem:fat12.obj
 0001:00001a10       ?fat12_close_file@@YAXPAUDIRECTORY@@@Z c0001e10 f   FileSystem:fat12.obj
 0001:00001a30       ?fat12_get_directory@@YAXPAUDIRECTORY@@0PAD@Z c0001e30 f   FileSystem:fat12.obj
 0001:00001b00       ?fat12_get_directory_from_root@@YAXPAUDIRECTORY@@PAD@Z c0001f00 f   FileSystem:fat12.obj
 0001:00001bd0       ?fat12_open_file@@YAXPAUDIRECTORY@@PBD@Z c0001fd0 f   FileSystem:fat12.obj
 0001:00001d20       ?fat12_read_one_sector_file@@YAXPAUDIRECTORY@@PAE@Z c0002120 f   FileSystem:fat12.obj
 0001:00001e10       ?fat12_to_dos_filename@@YAXPBDPADI@Z c0002210 f   FileSystem:fat12.obj
 0001:00001f30       ?create_thread@@YAXP6AXXZPAUThread@@@Z c0002330 f   ProcessesManagement:pm.obj
 0001:00001f90       ?init_stack@@YAIP6AXXZI@Z  c0002390 f   ProcessesManagement:pm.obj
 0001:00002010       ?pm_set_current_task@@YAXPAUThread@@@Z c0002410 f   ProcessesManagement:pm.obj
 0001:00002020       ?scheduler@@YAXXZ          c0002420 f   ProcessesManagement:pm.obj
 0001:00002060       ?scheduler_tick@@YAXXZ     c0002460 f   ProcessesManagement:pm.obj
 0001:00002070       ?start_scheduler@@YAXXZ    c0002470 f   ProcessesManagement:pm.obj
 0001:00002080       ?task_exe@@YAXXZ           c0002480 f   ProcessesManagement:pm.obj
 0001:000020a0       ?get_tick@@YAIXZ           c00024a0 f   HAL:Hal.obj
 0001:000020b0       ?hal_initialize@@YAXXZ     c00024b0 f   HAL:Hal.obj
 0001:000020e0       ?inportb@@YAEG@Z           c00024e0 f   HAL:Hal.obj
 0001:000020f0       ?intdone@@YAXE@Z           c00024f0 f   HAL:Hal.obj
 0001:00002100       ?interrupt_disable@@YAXXZ  c0002500 f   HAL:Hal.obj
 0001:00002110       ?interrupt_enable@@YAXXZ   c0002510 f   HAL:Hal.obj
 0001:00002120       ?outportb@@YAXGE@Z         c0002520 f   HAL:Hal.obj
 0001:00002130       ?setvect@@YAXIA6AXXZ@Z     c0002530 f   HAL:Hal.obj
 0001:00002150       ?dma_mask_channel@@YAXE@Z  c0002550 f   HAL:dma.obj
 0001:00002190       ?dma_reset@@YAXH@Z         c0002590 f   HAL:dma.obj
 0001:000021a0       ?dma_reset_flipflop@@YAXH@Z c00025a0 f   HAL:dma.obj
 0001:000021d0       ?dma_set_address@@YAXEEE@Z c00025d0 f   HAL:dma.obj
 0001:00002260       ?dma_set_count@@YAXEEE@Z   c0002660 f   HAL:dma.obj
 0001:000022f0       ?dma_set_mode@@YAXEE@Z     c00026f0 f   HAL:dma.obj
 0001:00002370       ?dma_set_read@@YAXE@Z      c0002770 f   HAL:dma.obj
 0001:00002380       ?dma_unmask_all@@YAXH@Z    c0002780 f   HAL:dma.obj
 0001:000023a0       ?cpu_initialize@@YAXXZ     c00027a0 f   HAL:cpu.obj
 0001:000023b0       ?IA32_pic_eoi@@YAXE@Z      c00027b0 f   HAL:pic.obj
 0001:000023e0       ?IA32_pic_initialize@@YAXEE@Z c00027e0 f   HAL:pic.obj
 0001:00002450       ?IA32_pit_get_tick_count@@YAIXZ c0002850 f   HAL:pit.obj
 0001:00002460       ?IA32_pit_initialize@@YAXXZ c0002860 f   HAL:pit.obj
 0001:00002470       ?IA32_pit_irq@@YAXXZ       c0002870 f   HAL:pit.obj
 0001:00002490       ?IA32_pit_set_counter@@YAXEGE@Z c0002890 f   HAL:pit.obj
 0001:00002520       ?idt_default_handler@@YAXXZ c0002920 f   HAL:idt.obj
 0001:00002550       ?idt_initialize@@YAXG@Z    c0002950 f   HAL:idt.obj
 0001:000025b0       ?idt_install_ir@@YAXIEGP6AXXZ@Z c00029b0 f   HAL:idt.obj
 0001:000025f0       ?gdt_initialize@@YAXXZ     c00029f0 f   HAL:gdt.obj
 0001:00002650       ?memcpy@@YAPAXPAXPBXI@Z    c0002a50 f   Lib:string.obj
 0001:00002680       ?memset@@YAPAXPAXDI@Z      c0002a80 f   Lib:string.obj
 0001:000026a0       ?strchr@@YAPADPBDH@Z       c0002aa0 f   Lib:string.obj
 0001:000026d0       ?strcmp@@YAHPBD0@Z         c0002ad0 f   Lib:string.obj
 0001:00002720       ?strcpy@@YAPADPADPBD@Z     c0002b20 f   Lib:string.obj
 0001:00002740       ?strlen@@YAIPBD@Z          c0002b40 f   Lib:string.obj
 0002:00000274       ??_C@_0BM@PLBHKJHJ@Exception?5not?5Define?5now?5?3?$CI?$AA@ c0002e74     HAL:idt.obj
 0003:00000000       ?video_memory@@3PAGA       c0003000     DebugDisplay.obj
 0003:00000004       ?_color@@3GA               c0003004     DebugDisplay.obj
 0003:00000008       ?bchars@@3PADA             c0003008     DebugDisplay.obj
 0003:000000c0       ?DMA_BUFFER@@3HA           c00030c0     flopydisk:flopy.obj
 0003:000000d0       ?_curX@@3EA                c00030d0     DebugDisplay.obj
 0003:000000d1       ?_curY@@3EA                c00030d1     DebugDisplay.obj
 0003:000000d4       ?tbuf@@3PADA               c00030d4     DebugDisplay.obj
 0003:00000120       ?kernel_img_size@@3IA      c0003120     main.obj
 0003:00000128       ?pp1@@3UPROCESS@@A         c0003128     main.obj
 0003:00000210       ?_kernel_stack@@3PADA      c0003210     main.obj
 0003:000021c8       ?FILE_SYSTEMS@@3PAPAUFILE_SYSTEM@@A c00051c8     vfs.obj
 0003:00002240       ?FAT12_FS_DF@@3UFILE_SYSTEM@@A c0005240     FileSystem:fat12.obj
 0003:00002288       ?FAT@@3PAEA                c0005288     FileSystem:fat12.obj
 0003:00002688       ?idle@@3UPROCESS@@A        c0005688     ProcessesManagement:pm.obj
 0003:00002770       ?ready_queue_head@@3PAUPROCESS@@A c0005770     ProcessesManagement:pm.obj
 0003:00002774       ?current_process@@3PAUPROCESS@@A c0005774     ProcessesManagement:pm.obj
 0003:00002778       ?current_task@@3PAUThread@@A c0005778     ProcessesManagement:pm.obj
 0003:0000277c       ?stack_counter@@3HA        c000577c     ProcessesManagement:pm.obj

 entry point at        0000:00000000

 Static symbols

 0001:00000218       $LN71                      c0000618     DebugDisplay.obj
 0001:0000022c       $LN64                      c000062c     DebugDisplay.obj
 0001:00000f20       $LN27                      c0001320     keyboard:kbrd.obj
 0001:00000f3c       $LN28                      c000133c     keyboard:kbrd.obj
 0001:00000f50       $LN25                      c0001350     keyboard:kbrd.obj
 0001:000010bc       $LN41                      c00014bc     flopydisk:flopy.obj
 0001:000013b8       $LN19                      c00017b8     flopydisk:flopy.obj
 0001:000015d0       $LN102                     c00019d0     flopydisk:flopy.obj
 0001:00002238       $LN15                      c0002638     HAL:dma.obj
 0001:000022cc       $LN15                      c00026cc     HAL:dma.obj
 0002:00000000       $SG2725                    c0002c00     exception.obj
 0002:0000000c       $SG2734                    c0002c0c     exception.obj
 0002:00000018       $SG2743                    c0002c18     exception.obj
 0002:00000024       $SG2752                    c0002c24     exception.obj
 0002:00000034       $SG2761                    c0002c34     exception.obj
 0002:00000044       $SG2770                    c0002c44     exception.obj
 0002:00000058       $SG2779                    c0002c58     exception.obj
 0002:00000068       $SG2788                    c0002c68     exception.obj
 0002:0000007c       $SG2798                    c0002c7c     exception.obj
 0002:0000008c       $SG2808                    c0002c8c     exception.obj
 0002:00000098       $SG2818                    c0002c98     exception.obj
 0002:000000a8       $SG2828                    c0002ca8     exception.obj
 0002:000000b4       $SG2838                    c0002cb4     exception.obj
 0002:000000d0       $SG2848                    c0002cd0     exception.obj
 0002:000000dc       $SG2857                    c0002cdc     exception.obj
 0002:000000e8       $SG2867                    c0002ce8     exception.obj
 0002:000000f8       $SG2876                    c0002cf8     exception.obj
 0002:00000108       $SG2885                    c0002d08     exception.obj
 0002:00000118       $SG2692                    c0002d18     panic.obj
 0002:00000258       $SG2693                    c0002e58     panic.obj
 0002:0000025c       $SG2694                    c0002e5c     panic.obj
 0002:0000026c       $SG2820                    c0002e6c     vfs.obj
 0003:00000018       _kbrd_scan_code_list       c0003018     keyboard:kbrd.obj
 0003:000000f4       _Debugstr                  c00030f4     DebugDisplay.obj
 0003:000021b0       ?ticks@?1??sleep@@YAXH@Z@4HA c00051b0     main.obj
 0003:000021b4       ?$S1@?1??sleep@@YAXH@Z@4IA c00051b4     main.obj
 0003:000021b8       __pmm_memory_size          c00051b8     pmm.obj
 0003:000021bc       __pmm_used_blocks          c00051bc     pmm.obj
 0003:000021c0       __pmm_max_blocks           c00051c0     pmm.obj
 0003:000021c4       __pmm_memory_map           c00051c4     pmm.obj
 0003:00002230       __vmm_cur_dir              c0005230     vmm.obj
 0003:00002234       __kbrd_code_char           c0005234     keyboard:kbrd.obj
 0003:00002238       _ikey                      c0005238     keyboard:kbrd.obj
 0003:0000223e       __CurrentDrive             c000523e     flopydisk:flopy.obj
 0003:0000223f       __FloppyDiskIRQ            c000523f     flopydisk:flopy.obj
 0003:00002780       __pit_ticks                c0005780     HAL:pit.obj
 0003:00002788       __idtr                     c0005788     HAL:idt.obj
 0003:00002790       __idt                      c0005790     HAL:idt.obj
 0003:00002f90       __gdt                      c0005f90     HAL:gdt.obj
 0003:00002fa8       __gdtr                     c0005fa8     HAL:gdt.obj
 0004:00000060       $R000000                   c0006060     Kernel.res
