 KRNL32

 Timestamp is 5c34279e (Mon Jan 07 20:31:26 2019)

 Preferred load address is c0000000

 Start         Length     Name                   Class
 0001:00000000 00001ccfH .text$mn                CODE
 0002:00000000 00000290H .rdata                  DATA
 0003:00000000 000000c4H .data                   DATA
 0003:000000c8 00000896H .bss                    DATA
 0004:00000000 00000058H .rsrc$01                DATA
 0004:00000060 000002f8H .rsrc$02                DATA

  Address         Publics by Value              Rva+Base       Lib:Object

 0000:00000000       ___guard_flags             00000000     <absolute>
 0000:00000000       ___safe_se_handler_count   00000000     <absolute>
 0000:00000000       ___guard_fids_count        00000000     <absolute>
 0000:00000000       ___guard_fids_table        00000000     <absolute>
 0000:00000000       ___safe_se_handler_table   00000000     <absolute>
 0001:00000000       ?DebugClrScreen@@YAXE@Z    c0000400 f   DebugDisplay.obj
 0001:00000040       ?DebugGotoXY@@YAXEE@Z      c0000440 f   DebugDisplay.obj
 0001:00000060       ?DebugPrintf@@YAHPBDZZ     c0000460 f   DebugDisplay.obj
 0001:00000250       ?DebugPutc@@YAXE@Z         c0000650 f   DebugDisplay.obj
 0001:000002f0       ?DebugPuts@@YAXPAD@Z       c00006f0 f   DebugDisplay.obj
 0001:00000390       ?DebugSetColor@@YAXG@Z     c0000790 f   DebugDisplay.obj
 0001:000003a0       ?kernel_entry@@YAHPAUmultiboot_info@@@Z c00007a0 f   entry.obj
 0001:000003d0       ?alignment_check_fault@@YAXIIII@Z c00007d0 f   exception.obj
 0001:000003f0       ?bounds_check_fault@@YAXIII@Z c00007f0 f   exception.obj
 0001:00000410       ?breakpoint_trap@@YAXIII@Z c0000810 f   exception.obj
 0001:00000430       ?divide_by_zero_fault@@YAXIII@Z c0000830 f   exception.obj
 0001:00000450       ?double_fault_abort@@YAXIIII@Z c0000850 f   exception.obj
 0001:00000470       ?fpu_fault@@YAXIII@Z       c0000870 f   exception.obj
 0001:00000490       ?general_protection_fault@@YAXIIII@Z c0000890 f   exception.obj
 0001:000004b0       ?invalid_opcode_fault@@YAXIII@Z c00008b0 f   exception.obj
 0001:000004d0       ?invalid_tss_fault@@YAXIIII@Z c00008d0 f   exception.obj
 0001:000004f0       ?machine_check_abort@@YAXIII@Z c00008f0 f   exception.obj
 0001:00000510       ?nmi_trap@@YAXIII@Z        c0000910 f   exception.obj
 0001:00000530       ?no_device_fault@@YAXIII@Z c0000930 f   exception.obj
 0001:00000550       ?no_segment_fault@@YAXIIII@Z c0000950 f   exception.obj
 0001:00000570       ?overflow_trap@@YAXIII@Z   c0000970 f   exception.obj
 0001:00000590       ?page_fault@@YAXIIII@Z     c0000990 f   exception.obj
 0001:000005b0       ?simd_fpu_fault@@YAXIII@Z  c00009b0 f   exception.obj
 0001:000005d0       ?single_step_trap@@YAXIII@Z c00009d0 f   exception.obj
 0001:000005f0       ?stack_fault@@YAXIIII@Z    c00009f0 f   exception.obj
 0001:00000610       ?kernel_initialize@@YAHPAUmultiboot_info@@@Z c0000a10 f   main.obj
 0001:000007b0       ?sleep@@YAXH@Z             c0000bb0 f   main.obj
 0001:000007e0       _main                      c0000be0 f   main.obj
 0001:00000840       ?kernel_panic@@YAXPBDZZ    c0000c40 f   panic.obj
 0001:00000890       ?pmm_alloc_block@@YAPAXXZ  c0000c90 f   pmm.obj
 0001:000008e0       ?pmm_clr_region@@YAXII@Z   c0000ce0 f   pmm.obj
 0001:00000940       ?pmm_first_free@@YAHXZ     c0000d40 f   pmm.obj
 0001:00000990       ?pmm_initialize@@YAXII@Z   c0000d90 f   pmm.obj
 0001:000009d0       ?pmm_set_region@@YAXII@Z   c0000dd0 f   pmm.obj
 0001:00000a20       ?vmm_initialize@@YAXXZ     c0000e20 f   vmm.obj
 0001:00000af0       ?kbrd_initilize@@YAXXZ     c0000ef0 f   keyboard:kbrd.obj
 0001:00000b00       ?kbrd_irq_handler@@YAXXZ   c0000f00 f   keyboard:kbrd.obj
 0001:00000c20       ?flpydsk_set_dma@@YAXH@Z   c0001020 f   flopydisk:flopy.obj
 0001:00000c30       ?flpydsk_install@@YAXH@Z   c0001030 f   flopydisk:flopy.obj
 0001:00000c60       ?flpydsk_set_working_drive@@YAXE@Z c0001060 f   flopydisk:flopy.obj
 0001:00000c80       ?flpydsk_get_working_drive@@YAEXZ c0001080 f   flopydisk:flopy.obj
 0001:00000c90       ?flpydsk_read_sector@@YAPAEH@Z c0001090 f   flopydisk:flopy.obj
 0001:00000d90       ?flpydsk_lba_to_chs@@YAXHPAH00@Z c0001190 f   flopydisk:flopy.obj
 0001:00000e00       ?dma_initialize_floppy@@YA_NPAEI@Z c0001200 f   flopydisk:flopy.obj
 0001:00000e90       ?flpydsk_read_status@@YAEXZ c0001290 f   flopydisk:flopy.obj
 0001:00000ea0       ?flpydsk_write_dor@@YAXE@Z c00012a0 f   flopydisk:flopy.obj
 0001:00000ec0       ?flpydsk_send_command@@YAXE@Z c00012c0 f   flopydisk:flopy.obj
 0001:00000f00       ?flpydsk_read_data@@YAEXZ  c0001300 f   flopydisk:flopy.obj
 0001:00000f30       ?flpydsk_write_ccr@@YAXE@Z c0001330 f   flopydisk:flopy.obj
 0001:00000f50       ?i86_flpy_irq@@YAXXZ       c0001350 f   flopydisk:flopy.obj
 0001:00000f70       ?flpydsk_check_int@@YAXPAI0@Z c0001370 f   flopydisk:flopy.obj
 0001:00001020       ?flpydsk_control_motor@@YAX_N@Z c0001420 f   flopydisk:flopy.obj
 0001:00001090       ?flpydsk_drive_data@@YAXEEE_N@Z c0001490 f   flopydisk:flopy.obj
 0001:00001150       ?flpydsk_calibrate@@YAHE@Z c0001550 f   flopydisk:flopy.obj
 0001:000012a0       ?flpydsk_disable_controller@@YAXXZ c00016a0 f   flopydisk:flopy.obj
 0001:000012b0       ?flpydsk_enable_controller@@YAXXZ c00016b0 f   flopydisk:flopy.obj
 0001:000012c0       ?flpydsk_reset@@YAXXZ      c00016c0 f   flopydisk:flopy.obj
 0001:00001340       ?flpydsk_read_sector_imp@@YAXEEE@Z c0001740 f   flopydisk:flopy.obj
 0001:000015a0       ?flpydsk_seek@@YAHEE@Z     c00019a0 f   flopydisk:flopy.obj
 0001:000016c0       ?get_tick@@YAIXZ           c0001ac0 f   HAL:Hal.obj
 0001:000016d0       ?hal_initialize@@YAXXZ     c0001ad0 f   HAL:Hal.obj
 0001:00001700       ?inportb@@YAEG@Z           c0001b00 f   HAL:Hal.obj
 0001:00001710       ?intdone@@YAXE@Z           c0001b10 f   HAL:Hal.obj
 0001:00001720       ?interrupt_disable@@YAXXZ  c0001b20 f   HAL:Hal.obj
 0001:00001730       ?interrupt_enable@@YAXXZ   c0001b30 f   HAL:Hal.obj
 0001:00001740       ?outportb@@YAXGE@Z         c0001b40 f   HAL:Hal.obj
 0001:00001750       ?setvect@@YAXIA6AXXZ@Z     c0001b50 f   HAL:Hal.obj
 0001:00001770       ?dma_mask_channel@@YAXE@Z  c0001b70 f   HAL:dma.obj
 0001:000017b0       ?dma_reset@@YAXH@Z         c0001bb0 f   HAL:dma.obj
 0001:000017c0       ?dma_reset_flipflop@@YAXH@Z c0001bc0 f   HAL:dma.obj
 0001:000017f0       ?dma_set_address@@YAXEEE@Z c0001bf0 f   HAL:dma.obj
 0001:00001880       ?dma_set_count@@YAXEEE@Z   c0001c80 f   HAL:dma.obj
 0001:00001910       ?dma_set_mode@@YAXEE@Z     c0001d10 f   HAL:dma.obj
 0001:00001990       ?dma_set_read@@YAXE@Z      c0001d90 f   HAL:dma.obj
 0001:000019a0       ?dma_unmask_all@@YAXH@Z    c0001da0 f   HAL:dma.obj
 0001:000019c0       ?cpu_initialize@@YAXXZ     c0001dc0 f   HAL:cpu.obj
 0001:000019d0       ?IA32_pic_eoi@@YAXE@Z      c0001dd0 f   HAL:pic.obj
 0001:00001a00       ?IA32_pic_initialize@@YAXEE@Z c0001e00 f   HAL:pic.obj
 0001:00001a70       ?IA32_pit_get_tick_count@@YAIXZ c0001e70 f   HAL:pit.obj
 0001:00001a80       ?IA32_pit_initialize@@YAXXZ c0001e80 f   HAL:pit.obj
 0001:00001a90       ?IA32_pit_irq@@YAXXZ       c0001e90 f   HAL:pit.obj
 0001:00001ab0       ?IA32_pit_set_counter@@YAXEGE@Z c0001eb0 f   HAL:pit.obj
 0001:00001b40       ?idt_default_handler@@YAXXZ c0001f40 f   HAL:idt.obj
 0001:00001b70       ?idt_initialize@@YAXG@Z    c0001f70 f   HAL:idt.obj
 0001:00001be0       ?idt_install_ir@@YAXIEGP6AXXZ@Z c0001fe0 f   HAL:idt.obj
 0001:00001c20       ?gdt_initialize@@YAXXZ     c0002020 f   HAL:gdt.obj
 0001:00001c80       ?memset@@YAPAXPAXDI@Z      c0002080 f   Lib:string.obj
 0001:00001ca0       ?strcpy@@YAPADPADPBD@Z     c00020a0 f   Lib:string.obj
 0001:00001cc0       ?strlen@@YAIPBD@Z          c00020c0 f   Lib:string.obj
 0002:00000274       ??_C@_0BM@PLBHKJHJ@Exception?5not?5Define?5now?5?3?$CI?$AA@ c0002474     HAL:idt.obj
 0003:00000000       ?video_memory@@3PAGA       c0002600     DebugDisplay.obj
 0003:00000004       ?_color@@3GA               c0002604     DebugDisplay.obj
 0003:00000008       ?bchars@@3PADA             c0002608     DebugDisplay.obj
 0003:000000c0       ?DMA_BUFFER@@3HA           c00026c0     flopydisk:flopy.obj
 0003:000000c8       ?_curX@@3EA                c00026c8     DebugDisplay.obj
 0003:000000c9       ?_curY@@3EA                c00026c9     DebugDisplay.obj
 0003:000000cc       ?tbuf@@3PADA               c00026cc     DebugDisplay.obj

 entry point at        0000:00000000

 Static symbols

 0001:00000218       $LN71                      c0000618     DebugDisplay.obj
 0001:0000022c       $LN64                      c000062c     DebugDisplay.obj
 0001:00000be0       $LN27                      c0000fe0     keyboard:kbrd.obj
 0001:00000bfc       $LN28                      c0000ffc     keyboard:kbrd.obj
 0001:00000c10       $LN25                      c0001010     keyboard:kbrd.obj
 0001:00000d7c       $LN41                      c000117c     flopydisk:flopy.obj
 0001:00001078       $LN19                      c0001478     flopydisk:flopy.obj
 0001:00001290       $LN102                     c0001690     flopydisk:flopy.obj
 0001:00001858       $LN15                      c0001c58     HAL:dma.obj
 0001:000018ec       $LN15                      c0001cec     HAL:dma.obj
 0002:00000000       $SG2725                    c0002200     exception.obj
 0002:0000000c       $SG2734                    c000220c     exception.obj
 0002:00000018       $SG2743                    c0002218     exception.obj
 0002:00000024       $SG2752                    c0002224     exception.obj
 0002:00000034       $SG2761                    c0002234     exception.obj
 0002:00000044       $SG2770                    c0002244     exception.obj
 0002:00000058       $SG2779                    c0002258     exception.obj
 0002:00000068       $SG2788                    c0002268     exception.obj
 0002:0000007c       $SG2798                    c000227c     exception.obj
 0002:0000008c       $SG2808                    c000228c     exception.obj
 0002:00000098       $SG2818                    c0002298     exception.obj
 0002:000000a8       $SG2828                    c00022a8     exception.obj
 0002:000000b4       $SG2838                    c00022b4     exception.obj
 0002:000000d0       $SG2848                    c00022d0     exception.obj
 0002:000000dc       $SG2857                    c00022dc     exception.obj
 0002:000000e8       $SG2867                    c00022e8     exception.obj
 0002:000000f8       $SG2876                    c00022f8     exception.obj
 0002:00000108       $SG2885                    c0002308     exception.obj
 0002:00000118       $SG2984                    c0002318     main.obj
 0002:00000120       $SG2686                    c0002320     panic.obj
 0002:00000260       $SG2687                    c0002460     panic.obj
 0002:00000264       $SG2688                    c0002464     panic.obj
 0003:00000018       _kbrd_scan_code_list       c0002618     keyboard:kbrd.obj
 0003:000000ec       _Debugstr                  c00026ec     DebugDisplay.obj
 0003:0000010c       ?ticks@?1??sleep@@YAXH@Z@4HA c000270c     main.obj
 0003:00000110       ?$S1@?1??sleep@@YAXH@Z@4IA c0002710     main.obj
 0003:00000114       __pmm_memory_size          c0002714     pmm.obj
 0003:00000118       __pmm_used_blocks          c0002718     pmm.obj
 0003:0000011c       __pmm_max_blocks           c000271c     pmm.obj
 0003:00000120       __pmm_memory_map           c0002720     pmm.obj
 0003:00000124       __vmm_cur_dir              c0002724     vmm.obj
 0003:00000128       __kbrd_code_char           c0002728     keyboard:kbrd.obj
 0003:0000012c       _ikey                      c000272c     keyboard:kbrd.obj
 0003:00000132       __CurrentDrive             c0002732     flopydisk:flopy.obj
 0003:00000133       __FloppyDiskIRQ            c0002733     flopydisk:flopy.obj
 0003:00000134       __pit_ticks                c0002734     HAL:pit.obj
 0003:00000138       __idtr                     c0002738     HAL:idt.obj
 0003:00000140       __idt                      c0002740     HAL:idt.obj
 0003:00000940       __gdt                      c0002f40     HAL:gdt.obj
 0003:00000958       __gdtr                     c0002f58     HAL:gdt.obj
 0004:00000060       $R000000                   c0003060     Kernel.res
