 KRNL32

 Timestamp is 5c2d3ffc (Wed Jan 02 14:49:32 2019)

 Preferred load address is c0000000

 Start         Length     Name                   Class
 0001:00000000 0000143fH .text$mn                CODE
 0002:00000000 00000288H .rdata                  DATA
 0003:00000000 000000beH .data                   DATA
 0003:000000c0 0000088eH .bss                    DATA
 0004:00000000 00000058H .rsrc$01                DATA
 0004:00000060 000002f8H .rsrc$02                DATA

  Address         Publics by Value              Rva+Base       Lib:Object

 0000:00000000       ___safe_se_handler_count   00000000     <absolute>
 0000:00000000       ___guard_fids_table        00000000     <absolute>
 0000:00000000       ___safe_se_handler_table   00000000     <absolute>
 0000:00000000       ___guard_fids_count        00000000     <absolute>
 0000:00000000       ___guard_flags             00000000     <absolute>
 0001:00000000       ?DebugPutc@@YAXE@Z         c0000400 f   DebugDisplay.obj
 0001:000000a0       ?DebugGotoXY@@YAXEE@Z      c00004a0 f   DebugDisplay.obj
 0001:000000c0       ?DebugClrScreen@@YAXE@Z    c00004c0 f   DebugDisplay.obj
 0001:00000100       ?DebugSetColor@@YAXG@Z     c0000500 f   DebugDisplay.obj
 0001:00000110       ?DebugPuts@@YAXPAD@Z       c0000510 f   DebugDisplay.obj
 0001:000001b0       ?DebugPrintf@@YAHPBDZZ     c00005b0 f   DebugDisplay.obj
 0001:000003a0       ?itoa@@YAXIIPAD@Z          c00007a0 f   DebugDisplay.obj
 0001:00000400       ?itoa_s@@YAXHIPAD@Z        c0000800 f   DebugDisplay.obj
 0001:00000430       ?kernel_entry@@YAHPAUmultiboot_info@@@Z c0000830 f   entry.obj
 0001:00000460       ?divide_by_zero_fault@@YAXIII@Z c0000860 f   exception.obj
 0001:00000480       ?single_step_trap@@YAXIII@Z c0000880 f   exception.obj
 0001:000004a0       ?nmi_trap@@YAXIII@Z        c00008a0 f   exception.obj
 0001:000004c0       ?breakpoint_trap@@YAXIII@Z c00008c0 f   exception.obj
 0001:000004e0       ?overflow_trap@@YAXIII@Z   c00008e0 f   exception.obj
 0001:00000500       ?bounds_check_fault@@YAXIII@Z c0000900 f   exception.obj
 0001:00000520       ?invalid_opcode_fault@@YAXIII@Z c0000920 f   exception.obj
 0001:00000540       ?no_device_fault@@YAXIII@Z c0000940 f   exception.obj
 0001:00000560       ?double_fault_abort@@YAXIIII@Z c0000960 f   exception.obj
 0001:00000580       ?invalid_tss_fault@@YAXIIII@Z c0000980 f   exception.obj
 0001:000005a0       ?no_segment_fault@@YAXIIII@Z c00009a0 f   exception.obj
 0001:000005c0       ?stack_fault@@YAXIIII@Z    c00009c0 f   exception.obj
 0001:000005e0       ?general_protection_fault@@YAXIIII@Z c00009e0 f   exception.obj
 0001:00000600       ?page_fault@@YAXIIII@Z     c0000a00 f   exception.obj
 0001:00000620       ?fpu_fault@@YAXIII@Z       c0000a20 f   exception.obj
 0001:00000640       ?alignment_check_fault@@YAXIIII@Z c0000a40 f   exception.obj
 0001:00000660       ?machine_check_abort@@YAXIII@Z c0000a60 f   exception.obj
 0001:00000680       ?simd_fpu_fault@@YAXIII@Z  c0000a80 f   exception.obj
 0001:000006a0       ?kernel_initialize@@YAHPAUmultiboot_info@@@Z c0000aa0 f   main.obj
 0001:00000820       _main                      c0000c20 f   main.obj
 0001:00000870       ?kernel_panic@@YAXPBDZZ    c0000c70 f   panic.obj
 0001:000008c0       ?pmm_initialize@@YAXII@Z   c0000cc0 f   pmm.obj
 0001:00000900       ?pmm_set_region@@YAXII@Z   c0000d00 f   pmm.obj
 0001:00000950       ?pmm_clr_region@@YAXII@Z   c0000d50 f   pmm.obj
 0001:000009b0       ?pmm_alloc_block@@YAPAXXZ  c0000db0 f   pmm.obj
 0001:00000a00       ?pmm_free_block@@YAXPAX@Z  c0000e00 f   pmm.obj
 0001:00000a30       ?pmm_alloc_block_s@@YAPAXI@Z c0000e30 f   pmm.obj
 0001:00000ab0       ?pmm_free_block_s@@YAXPAII@Z c0000eb0 f   pmm.obj
 0001:00000b00       ?pmm_get_memory_size@@YAIXZ c0000f00 f   pmm.obj
 0001:00000b10       ?pmm_get_max_blocks@@YAIXZ c0000f10 f   pmm.obj
 0001:00000b20       ?pmm_get_free_block_count@@YAIXZ c0000f20 f   pmm.obj
 0001:00000b30       ?pmm_get_used_block_count@@YAIXZ c0000f30 f   pmm.obj
 0001:00000b40       ?pmm_first_free@@YAHXZ     c0000f40 f   pmm.obj
 0001:00000b90       ?pmm_first_free_s@@YAHI@Z  c0000f90 f   pmm.obj
 0001:00000c10       ?vmm_load_pdbr@@YAXPAUpdir@@@Z c0001010 f   vmm.obj
 0001:00000c20       ?vmm_get_cur_dir@@YAPAUpdir@@XZ c0001020 f   vmm.obj
 0001:00000c30       ?vmm_alloc_frame@@YA_NPAI@Z c0001030 f   vmm.obj
 0001:00000c60       ?vmm_free_frame@@YA_NPAI@Z c0001060 f   vmm.obj
 0001:00000c80       ?vmm_map_page@@YAXPAX0@Z   c0001080 f   vmm.obj
 0001:00000cf0       ?vmm_initialize@@YAXXZ     c00010f0 f   vmm.obj
 0001:00000dc0       ?vmm_paging_enable@@YAX_N@Z c00011c0 f   vmm.obj
 0001:00000de0       ?vmm_flush_tlb_entry@@YAXI@Z c00011e0 f   vmm.obj
 0001:00000df0       ?kbrd_destroy_last_char@@YAXXZ c00011f0 f   Keyboard:kbrd.obj
 0001:00000e00       ?kbrd_get_last_std_char@@YAEXZ c0001200 f   Keyboard:kbrd.obj
 0001:00000e10       ?kbrd_initilize@@YAXXZ     c0001210 f   Keyboard:kbrd.obj
 0001:00000e20       ?kbrd_irq_handler@@YAXXZ   c0001220 f   Keyboard:kbrd.obj
 0001:00000f40       ?kbrd_make@@YAEE@Z         c0001340 f   Keyboard:kbrd.obj
 0001:000010b0       ?hal_initialize@@YAXXZ     c00014b0 f   HAL:Hal.obj
 0001:000010e0       ?inportb@@YAEG@Z           c00014e0 f   HAL:Hal.obj
 0001:000010f0       ?intdone@@YAXE@Z           c00014f0 f   HAL:Hal.obj
 0001:00001100       ?interrupt_disable@@YAXXZ  c0001500 f   HAL:Hal.obj
 0001:00001110       ?interrupt_enable@@YAXXZ   c0001510 f   HAL:Hal.obj
 0001:00001120       ?outportb@@YAXGE@Z         c0001520 f   HAL:Hal.obj
 0001:00001130       ?setvect@@YAXIA6AXXZ@Z     c0001530 f   HAL:Hal.obj
 0001:00001150       ?cpu_initialize@@YAXXZ     c0001550 f   HAL:cpu.obj
 0001:00001160       ?IA32_pic_eoi@@YAXE@Z      c0001560 f   HAL:pic.obj
 0001:00001190       ?IA32_pic_initialize@@YAXEE@Z c0001590 f   HAL:pic.obj
 0001:00001200       ?IA32_pit_initialize@@YAXXZ c0001600 f   HAL:pit.obj
 0001:00001210       ?IA32_pit_irq@@YAXXZ       c0001610 f   HAL:pit.obj
 0001:00001230       ?IA32_pit_set_counter@@YAXEGE@Z c0001630 f   HAL:pit.obj
 0001:000012c0       ?idt_default_handler@@YAXXZ c00016c0 f   HAL:idt.obj
 0001:000012f0       ?idt_initialize@@YAXG@Z    c00016f0 f   HAL:idt.obj
 0001:00001350       ?idt_install_ir@@YAXIEGP6AXXZ@Z c0001750 f   HAL:idt.obj
 0001:00001390       ?gdt_initialize@@YAXXZ     c0001790 f   HAL:gdt.obj
 0001:000013f0       ?memset@@YAPAXPAXDI@Z      c00017f0 f   Lib:string.obj
 0001:00001410       ?strcpy@@YAPADPADPBD@Z     c0001810 f   Lib:string.obj
 0001:00001430       ?strlen@@YAIPBD@Z          c0001830 f   Lib:string.obj
 0002:0000026c       ??_C@_0BM@PLBHKJHJ@Exception?5not?5Define?5now?5?3?$CI?$AA@ c0001c6c     HAL:idt.obj
 0003:00000000       ?video_memory@@3PAGA       c0001e00     DebugDisplay.obj
 0003:00000004       ?_color@@3GA               c0001e04     DebugDisplay.obj
 0003:00000008       ?bchars@@3PADA             c0001e08     DebugDisplay.obj
 0003:000000c0       ?_curX@@3EA                c0001ec0     DebugDisplay.obj
 0003:000000c1       ?_curY@@3EA                c0001ec1     DebugDisplay.obj
 0003:000000c4       ?tbuf@@3PADA               c0001ec4     DebugDisplay.obj
 0003:000000e4       ?Debugstr@@3PADA           c0001ee4     DebugDisplay.obj

 entry point at        0000:00000000

 Static symbols

 0001:00000368       $LN71                      c0000768     DebugDisplay.obj
 0001:0000037c       $LN64                      c000077c     DebugDisplay.obj
 0001:00000f00       $LN27                      c0001300     Keyboard:kbrd.obj
 0001:00000f1c       $LN28                      c000131c     Keyboard:kbrd.obj
 0001:00000f30       $LN25                      c0001330     Keyboard:kbrd.obj
 0001:00001018       $LN39                      c0001418     Keyboard:kbrd.obj
 0001:00001040       $LN40                      c0001440     Keyboard:kbrd.obj
 0001:00001070       $LN37                      c0001470     Keyboard:kbrd.obj
 0002:00000000       $SG2694                    c0001a00     exception.obj
 0002:0000000c       $SG2703                    c0001a0c     exception.obj
 0002:00000018       $SG2712                    c0001a18     exception.obj
 0002:00000024       $SG2721                    c0001a24     exception.obj
 0002:00000034       $SG2730                    c0001a34     exception.obj
 0002:00000044       $SG2739                    c0001a44     exception.obj
 0002:00000058       $SG2748                    c0001a58     exception.obj
 0002:00000068       $SG2757                    c0001a68     exception.obj
 0002:0000007c       $SG2767                    c0001a7c     exception.obj
 0002:0000008c       $SG2777                    c0001a8c     exception.obj
 0002:00000098       $SG2787                    c0001a98     exception.obj
 0002:000000a8       $SG2797                    c0001aa8     exception.obj
 0002:000000b4       $SG2807                    c0001ab4     exception.obj
 0002:000000d0       $SG2817                    c0001ad0     exception.obj
 0002:000000dc       $SG2826                    c0001adc     exception.obj
 0002:000000e8       $SG2836                    c0001ae8     exception.obj
 0002:000000f8       $SG2845                    c0001af8     exception.obj
 0002:00000108       $SG2854                    c0001b08     exception.obj
 0002:00000118       $SG2655                    c0001b18     panic.obj
 0002:00000258       $SG2656                    c0001c58     panic.obj
 0002:0000025c       $SG2657                    c0001c5c     panic.obj
 0003:00000018       _kbrd_scan_code_list       c0001e18     Keyboard:kbrd.obj
 0003:00000104       __pmm_memory_size          c0001f04     pmm.obj
 0003:00000108       __pmm_used_blocks          c0001f08     pmm.obj
 0003:0000010c       __pmm_max_blocks           c0001f0c     pmm.obj
 0003:00000110       __pmm_memory_map           c0001f10     pmm.obj
 0003:00000114       __vmm_cur_dir              c0001f14     vmm.obj
 0003:00000118       __kbrd_code_char           c0001f18     Keyboard:kbrd.obj
 0003:0000011c       _ikey                      c0001f1c     Keyboard:kbrd.obj
 0003:00000124       __pit_ticks                c0001f24     HAL:pit.obj
 0003:00000128       __idtr                     c0001f28     HAL:idt.obj
 0003:00000130       __idt                      c0001f30     HAL:idt.obj
 0003:00000930       __gdt                      c0002730     HAL:gdt.obj
 0003:00000948       __gdtr                     c0002748     HAL:gdt.obj
 0004:00000060       $R000000                   c0002860     Kernel.res
